
> @figma/my-make-file@0.0.1 build
> vite build

